src/components/TickerRow.tsx(31,42): error TS2304: Cannot find name 'safeEntry'.
src/components/TickerRow.tsx(33,25): error TS2304: Cannot find name 'safeEntry'.
src/components/TickerRow.tsx(34,36): error TS2304: Cannot find name 'safeEntry'.
